   1               		.file	"CC1150_Response.c"
   2               	__SREG__ = 0x3f
   3               	__SP_H__ = 0x3e
   4               	__SP_L__ = 0x3d
   5               	__CCP__  = 0x34
   6               	__tmp_reg__ = 0
   7               	__zero_reg__ = 1
  15               	.Ltext0:
  16               		.section	.text.setup_spi,"ax",@progbits
  17               	.global	setup_spi
  19               	setup_spi:
  20               	.LFB6:
  21               	.LSM0:
  22               	.LVL0:
  23               	/* prologue: function */
  24               	/* frame size = 0 */
  25               	.LSM1:
  26 0000 229A      		sbi 36-32,2
  27               	.LSM2:
  28 0002 2398      		cbi 36-32,3
  29               	.LSM3:
  30 0004 219A      		sbi 36-32,1
  31               	.LSM4:
  32 0006 209A      		sbi 36-32,0
  33               	.LSM5:
  34 0008 282F      		mov r18,r24
  35 000a 2370      		andi r18,lo8(3)
  36 000c 2065      		ori r18,lo8(80)
  37 000e 2CBD      		out 76-32,r18
  38               	.LSM6:
  39 0010 90E0      		ldi r25,lo8(0)
  40               	.LVL1:
  41 0012 9695      		lsr r25
  42 0014 8795      		ror r24
  43 0016 9695      		lsr r25
  44 0018 8795      		ror r24
  45               	.LVL2:
  46 001a 8170      		andi r24,lo8(1)
  47               	.LVL3:
  48 001c 8DBD      		out 77-32,r24
  49               	/* epilogue start */
  50               	.LSM7:
  51 001e 0895      		ret
  52               	.LFE6:
  54               		.section	.text.enable_spi,"ax",@progbits
  55               	.global	enable_spi
  57               	enable_spi:
  58               	.LFB7:
  59               	.LSM8:
  60               	/* prologue: function */
  61               	/* frame size = 0 */
  62               	.LSM9:
  63 0000 8CB5      		in r24,76-32
  64 0002 8064      		ori r24,lo8(64)
  65 0004 8CBD      		out 76-32,r24
  66               	/* epilogue start */
  67               	.LSM10:
  68 0006 0895      		ret
  69               	.LFE7:
  71               		.section	.text.disable_spi,"ax",@progbits
  72               	.global	disable_spi
  74               	disable_spi:
  75               	.LFB8:
  76               	.LSM11:
  77               	/* prologue: function */
  78               	/* frame size = 0 */
  79               	.LSM12:
  80 0000 8CB5      		in r24,76-32
  81 0002 8F7B      		andi r24,lo8(-65)
  82 0004 8CBD      		out 76-32,r24
  83               	/* epilogue start */
  84               	.LSM13:
  85 0006 0895      		ret
  86               	.LFE8:
  88               		.section	.text.send_spi,"ax",@progbits
  89               	.global	send_spi
  91               	send_spi:
  92               	.LFB9:
  93               	.LSM14:
  94               	.LVL4:
  95               	/* prologue: function */
  96               	/* frame size = 0 */
  97               	.LSM15:
  98 0000 8EBD      		out 78-32,r24
  99               	.L8:
 100               	.LSM16:
 101 0002 0DB4      		in __tmp_reg__,77-32
 102 0004 07FE      		sbrs __tmp_reg__,7
 103 0006 00C0      		rjmp .L8
 104               	.LSM17:
 105 0008 8EB5      		in r24,78-32
 106               	.LVL5:
 107               	/* epilogue start */
 108               	.LSM18:
 109 000a 0895      		ret
 110               	.LFE9:
 112               		.section	.text.select,"ax",@progbits
 113               	.global	select
 115               	select:
 116               	.LFB10:
 117               	.LSM19:
 118               	/* prologue: function */
 119               	/* frame size = 0 */
 120               	.LSM20:
 121 0000 2898      		cbi 37-32,0
 122               	/* epilogue start */
 123               	.LSM21:
 124 0002 0895      		ret
 125               	.LFE10:
 127               		.section	.text.deselect,"ax",@progbits
 128               	.global	deselect
 130               	deselect:
 131               	.LFB11:
 132               	.LSM22:
 133               	/* prologue: function */
 134               	/* frame size = 0 */
 135               	.LSM23:
 136 0000 289A      		sbi 37-32,0
 137               	/* epilogue start */
 138               	.LSM24:
 139 0002 0895      		ret
 140               	.LFE11:
 142               		.section	.text.send_command,"ax",@progbits
 143               	.global	send_command
 145               	send_command:
 146               	.LFB12:
 147               	.LSM25:
 148               	.LVL6:
 149               	/* prologue: function */
 150               	/* frame size = 0 */
 151               	.LBB64:
 152               	.LBB65:
 153               	.LSM26:
 154 0000 2898      		cbi 37-32,0
 155               	.LBE65:
 156               	.LBE64:
 157               	.LBB66:
 158               	.LBB67:
 159               	.LSM27:
 160 0002 8EBD      		out 78-32,r24
 161               	.L16:
 162               	.LSM28:
 163 0004 0DB4      		in __tmp_reg__,77-32
 164 0006 07FE      		sbrs __tmp_reg__,7
 165 0008 00C0      		rjmp .L16
 166               	.LSM29:
 167 000a 8EB5      		in r24,78-32
 168               	.LVL7:
 169               	.LBE67:
 170               	.LBE66:
 171               	.LBB68:
 172               	.LBB69:
 173               	.LSM30:
 174 000c 289A      		sbi 37-32,0
 175               	/* epilogue start */
 176               	.LBE69:
 177               	.LBE68:
 178               	.LSM31:
 179 000e 0895      		ret
 180               	.LFE12:
 182               		.section	.text.send_command_sres,"ax",@progbits
 183               	.global	send_command_sres
 185               	send_command_sres:
 186               	.LFB13:
 187               	.LSM32:
 188               	/* prologue: function */
 189               	/* frame size = 0 */
 190               	.LBB70:
 191               	.LBB71:
 192               	.LSM33:
 193 0000 2898      		cbi 37-32,0
 194               	.LBE71:
 195               	.LBE70:
 196               	.LBB72:
 197               	.LBB73:
 198               	.LSM34:
 199 0002 80E3      		ldi r24,lo8(48)
 200 0004 8EBD      		out 78-32,r24
 201               	.L20:
 202               	.LSM35:
 203 0006 0DB4      		in __tmp_reg__,77-32
 204 0008 07FE      		sbrs __tmp_reg__,7
 205 000a 00C0      		rjmp .L20
 206               	.LSM36:
 207 000c 8EB5      		in r24,78-32
 208               	.L21:
 209               	.LBE73:
 210               	.LBE72:
 211               	.LSM37:
 212 000e 1B99      		sbic 35-32,3
 213 0010 00C0      		rjmp .L21
 214               	.LBB74:
 215               	.LBB75:
 216               	.LSM38:
 217 0012 289A      		sbi 37-32,0
 218               	/* epilogue start */
 219               	.LBE75:
 220               	.LBE74:
 221               	.LSM39:
 222 0014 0895      		ret
 223               	.LFE13:
 225               		.section	.text.set_register,"ax",@progbits
 226               	.global	set_register
 228               	set_register:
 229               	.LFB14:
 230               	.LSM40:
 231               	.LVL8:
 232               	/* prologue: function */
 233               	/* frame size = 0 */
 234               	.LBB76:
 235               	.LBB77:
 236               	.LSM41:
 237 0000 2898      		cbi 37-32,0
 238               	.LBE77:
 239               	.LBE76:
 240               	.LBB78:
 241               	.LBB79:
 242               	.LSM42:
 243 0002 8EBD      		out 78-32,r24
 244               	.L26:
 245               	.LSM43:
 246 0004 0DB4      		in __tmp_reg__,77-32
 247 0006 07FE      		sbrs __tmp_reg__,7
 248 0008 00C0      		rjmp .L26
 249               	.LSM44:
 250 000a 8EB5      		in r24,78-32
 251               	.LVL9:
 252               	.LBE79:
 253               	.LBE78:
 254               	.LBB80:
 255               	.LBB81:
 256               	.LSM45:
 257 000c 6EBD      		out 78-32,r22
 258               	.L27:
 259               	.LSM46:
 260 000e 0DB4      		in __tmp_reg__,77-32
 261 0010 07FE      		sbrs __tmp_reg__,7
 262 0012 00C0      		rjmp .L27
 263               	.LSM47:
 264 0014 8EB5      		in r24,78-32
 265               	.LBE81:
 266               	.LBE80:
 267               	.LBB82:
 268               	.LBB83:
 269               	.LSM48:
 270 0016 289A      		sbi 37-32,0
 271               	/* epilogue start */
 272               	.LBE83:
 273               	.LBE82:
 274               	.LSM49:
 275 0018 0895      		ret
 276               	.LFE14:
 278               		.section	.text.set_register_burst,"ax",@progbits
 279               	.global	set_register_burst
 281               	set_register_burst:
 282               	.LFB15:
 283               	.LSM50:
 284               	.LVL10:
 285               	/* prologue: function */
 286               	/* frame size = 0 */
 287               	.LBB84:
 288               	.LBB85:
 289               	.LSM51:
 290 0000 2898      		cbi 37-32,0
 291               	.LBE85:
 292               	.LBE84:
 293               	.LBB86:
 294               	.LBB87:
 295               	.LSM52:
 296 0002 8EBD      		out 78-32,r24
 297               	.L32:
 298               	.LSM53:
 299 0004 0DB4      		in __tmp_reg__,77-32
 300 0006 07FE      		sbrs __tmp_reg__,7
 301 0008 00C0      		rjmp .L32
 302               	.LSM54:
 303 000a 8EB5      		in r24,78-32
 304               	.LVL11:
 305 000c FB01      		movw r30,r22
 306               	.LVL12:
 307 000e 90E0      		ldi r25,lo8(0)
 308               	.LVL13:
 309 0010 00C0      		rjmp .L33
 310               	.L35:
 311               	.LBE87:
 312               	.LBE86:
 313               	.LSM55:
 314 0012 8081      		ld r24,Z
 315               	.LBB88:
 316               	.LBB89:
 317               	.LSM56:
 318 0014 8EBD      		out 78-32,r24
 319               	.L34:
 320               	.LSM57:
 321 0016 0DB4      		in __tmp_reg__,77-32
 322 0018 07FE      		sbrs __tmp_reg__,7
 323 001a 00C0      		rjmp .L34
 324               	.LSM58:
 325 001c 8EB5      		in r24,78-32
 326               	.LBE89:
 327               	.LBE88:
 328               	.LSM59:
 329 001e 9F5F      		subi r25,lo8(-(1))
 330 0020 3196      		adiw r30,1
 331               	.L33:
 332 0022 9417      		cp r25,r20
 333 0024 00F0      		brlo .L35
 334               	.LBB90:
 335               	.LBB91:
 336               	.LSM60:
 337 0026 289A      		sbi 37-32,0
 338               	/* epilogue start */
 339               	.LBE91:
 340               	.LBE90:
 341               	.LSM61:
 342 0028 0895      		ret
 343               	.LFE15:
 345               		.section	.text.write_settings,"ax",@progbits
 346               	.global	write_settings
 348               	write_settings:
 349               	.LFB16:
 350               	.LSM62:
 351               	.LVL14:
 352 0000 0F93      		push r16
 353 0002 1F93      		push r17
 354               	/* prologue: function */
 355               	/* frame size = 0 */
 356 0004 8C01      		movw r16,r24
 357               	.LSM63:
 358 0006 81E0      		ldi r24,lo8(1)
 359               	.LVL15:
 360 0008 F801      		movw r30,r16
 361 000a 6081      		ld r22,Z
 362 000c 0E94 0000 		call set_register
 363               	.LSM64:
 364 0010 82E0      		ldi r24,lo8(2)
 365 0012 F801      		movw r30,r16
 366 0014 6181      		ldd r22,Z+1
 367 0016 0E94 0000 		call set_register
 368               	.LSM65:
 369 001a 83E0      		ldi r24,lo8(3)
 370 001c F801      		movw r30,r16
 371 001e 6281      		ldd r22,Z+2
 372 0020 0E94 0000 		call set_register
 373               	.LSM66:
 374 0024 84E0      		ldi r24,lo8(4)
 375 0026 F801      		movw r30,r16
 376 0028 6381      		ldd r22,Z+3
 377 002a 0E94 0000 		call set_register
 378               	.LSM67:
 379 002e 85E0      		ldi r24,lo8(5)
 380 0030 F801      		movw r30,r16
 381 0032 6481      		ldd r22,Z+4
 382 0034 0E94 0000 		call set_register
 383               	.LSM68:
 384 0038 86E0      		ldi r24,lo8(6)
 385 003a F801      		movw r30,r16
 386 003c 6581      		ldd r22,Z+5
 387 003e 0E94 0000 		call set_register
 388               	.LSM69:
 389 0042 88E0      		ldi r24,lo8(8)
 390 0044 F801      		movw r30,r16
 391 0046 6681      		ldd r22,Z+6
 392 0048 0E94 0000 		call set_register
 393               	.LSM70:
 394 004c 89E0      		ldi r24,lo8(9)
 395 004e F801      		movw r30,r16
 396 0050 6781      		ldd r22,Z+7
 397 0052 0E94 0000 		call set_register
 398               	.LSM71:
 399 0056 8AE0      		ldi r24,lo8(10)
 400 0058 F801      		movw r30,r16
 401 005a 6085      		ldd r22,Z+8
 402 005c 0E94 0000 		call set_register
 403               	.LSM72:
 404 0060 8DE0      		ldi r24,lo8(13)
 405 0062 F801      		movw r30,r16
 406 0064 6185      		ldd r22,Z+9
 407 0066 0E94 0000 		call set_register
 408               	.LSM73:
 409 006a 8EE0      		ldi r24,lo8(14)
 410 006c F801      		movw r30,r16
 411 006e 6285      		ldd r22,Z+10
 412 0070 0E94 0000 		call set_register
 413               	.LSM74:
 414 0074 8FE0      		ldi r24,lo8(15)
 415 0076 F801      		movw r30,r16
 416 0078 6385      		ldd r22,Z+11
 417 007a 0E94 0000 		call set_register
 418               	.LSM75:
 419 007e 80E1      		ldi r24,lo8(16)
 420 0080 F801      		movw r30,r16
 421 0082 6485      		ldd r22,Z+12
 422 0084 0E94 0000 		call set_register
 423               	.LSM76:
 424 0088 81E1      		ldi r24,lo8(17)
 425 008a F801      		movw r30,r16
 426 008c 6585      		ldd r22,Z+13
 427 008e 0E94 0000 		call set_register
 428               	.LSM77:
 429 0092 82E1      		ldi r24,lo8(18)
 430 0094 F801      		movw r30,r16
 431 0096 6685      		ldd r22,Z+14
 432 0098 0E94 0000 		call set_register
 433               	.LSM78:
 434 009c 83E1      		ldi r24,lo8(19)
 435 009e F801      		movw r30,r16
 436 00a0 6785      		ldd r22,Z+15
 437 00a2 0E94 0000 		call set_register
 438               	.LSM79:
 439 00a6 84E1      		ldi r24,lo8(20)
 440 00a8 F801      		movw r30,r16
 441 00aa 6089      		ldd r22,Z+16
 442 00ac 0E94 0000 		call set_register
 443               	.LSM80:
 444 00b0 85E1      		ldi r24,lo8(21)
 445 00b2 F801      		movw r30,r16
 446 00b4 6189      		ldd r22,Z+17
 447 00b6 0E94 0000 		call set_register
 448               	.LSM81:
 449 00ba 87E1      		ldi r24,lo8(23)
 450 00bc F801      		movw r30,r16
 451 00be 6289      		ldd r22,Z+18
 452 00c0 0E94 0000 		call set_register
 453               	.LSM82:
 454 00c4 88E1      		ldi r24,lo8(24)
 455 00c6 F801      		movw r30,r16
 456 00c8 6389      		ldd r22,Z+19
 457 00ca 0E94 0000 		call set_register
 458               	.LSM83:
 459 00ce 82E2      		ldi r24,lo8(34)
 460 00d0 F801      		movw r30,r16
 461 00d2 6489      		ldd r22,Z+20
 462 00d4 0E94 0000 		call set_register
 463               	.LSM84:
 464 00d8 83E2      		ldi r24,lo8(35)
 465 00da F801      		movw r30,r16
 466 00dc 6589      		ldd r22,Z+21
 467 00de 0E94 0000 		call set_register
 468               	.LSM85:
 469 00e2 84E2      		ldi r24,lo8(36)
 470 00e4 F801      		movw r30,r16
 471 00e6 6689      		ldd r22,Z+22
 472 00e8 0E94 0000 		call set_register
 473               	.LSM86:
 474 00ec 85E2      		ldi r24,lo8(37)
 475 00ee F801      		movw r30,r16
 476 00f0 6789      		ldd r22,Z+23
 477 00f2 0E94 0000 		call set_register
 478               	.LSM87:
 479 00f6 86E2      		ldi r24,lo8(38)
 480 00f8 F801      		movw r30,r16
 481 00fa 608D      		ldd r22,Z+24
 482 00fc 0E94 0000 		call set_register
 483               	.LSM88:
 484 0100 89E2      		ldi r24,lo8(41)
 485 0102 F801      		movw r30,r16
 486 0104 618D      		ldd r22,Z+25
 487 0106 0E94 0000 		call set_register
 488               	.LSM89:
 489 010a 8AE2      		ldi r24,lo8(42)
 490 010c F801      		movw r30,r16
 491 010e 628D      		ldd r22,Z+26
 492 0110 0E94 0000 		call set_register
 493               	.LSM90:
 494 0114 8CE2      		ldi r24,lo8(44)
 495 0116 F801      		movw r30,r16
 496 0118 638D      		ldd r22,Z+27
 497 011a 0E94 0000 		call set_register
 498               	/* epilogue start */
 499               	.LSM91:
 500 011e 1F91      		pop r17
 501 0120 0F91      		pop r16
 502               	.LVL16:
 503 0122 0895      		ret
 504               	.LFE16:
 506               		.section	.text.main,"ax",@progbits
 507               	.global	main
 509               	main:
 510               	.LFB17:
 511               	.LSM92:
 512               	/* prologue: function */
 513               	/* frame size = 0 */
 514               	.LSM93:
 515 0000 80E8      		ldi r24,lo8(-128)
 516 0002 8093 6100 		sts 97,r24
 517 0006 1092 6100 		sts 97,__zero_reg__
 518               	.LSM94:
 519 000a 8091 0A01 		lds r24,266
 520 000e 8160      		ori r24,lo8(1)
 521 0010 8093 0A01 		sts 266,r24
 522               	.LSM95:
 523 0014 80E0      		ldi r24,lo8(0)
 524 0016 0E94 0000 		call setup_spi
 525               	.LBB92:
 526               	.LBB93:
 527               	.LSM96:
 528 001a 8CB5      		in r24,76-32
 529 001c 8064      		ori r24,lo8(64)
 530 001e 8CBD      		out 76-32,r24
 531               	.LBE93:
 532               	.LBE92:
 533               	.LSM97:
 534 0020 0E94 0000 		call send_command_sres
 535               	.LSM98:
 536 0024 80E0      		ldi r24,lo8(regSettings)
 537 0026 90E0      		ldi r25,hi8(regSettings)
 538 0028 0E94 0000 		call write_settings
 539               	.LSM99:
 540 002c 8EE7      		ldi r24,lo8(126)
 541 002e 60E0      		ldi r22,lo8(paTable)
 542 0030 70E0      		ldi r23,hi8(paTable)
 543 0032 48E0      		ldi r20,lo8(8)
 544 0034 0E94 0000 		call set_register_burst
 545               	.LSM100:
 546 0038 85E3      		ldi r24,lo8(53)
 547 003a 0E94 0000 		call send_command
 548               	.LSM101:
 549 003e 82E0      		ldi r24,lo8(2)
 550 0040 6CE0      		ldi r22,lo8(12)
 551 0042 0E94 0000 		call set_register
 552               	.LSM102:
 553 0046 81E0      		ldi r24,lo8(1)
 554 0048 6BE0      		ldi r22,lo8(11)
 555 004a 0E94 0000 		call set_register
 556               	.LBB94:
 557               	.LBB95:
 558               	.LBB96:
 559               	.LBB97:
 560               	.LBB98:
 561               	.LBB99:
 562               	.LSM103:
 563 004e 20E8      		ldi r18,lo8(640)
 564 0050 32E0      		ldi r19,hi8(640)
 565               	.L42:
 566               	.LBE99:
 567               	.LBE98:
 568               	.LBE97:
 569               	.LBE96:
 570               	.LBE95:
 571               	.LBE94:
 572               	.LSM104:
 573 0052 8091 0B01 		lds r24,267
 574 0056 8160      		ori r24,lo8(1)
 575 0058 8093 0B01 		sts 267,r24
 576               	.LBB105:
 577               	.LBB104:
 578               	.LBB103:
 579               	.LBB102:
 580               	.LBB101:
 581               	.LBB100:
 582               	.LSM105:
 583 005c C901      		movw r24,r18
 584               	.LVL17:
 585               	/* #APP */
 586               	 ;  105 "c:/winavr-20100110/lib/gcc/../../avr/include/util/delay_basic.h" 1
 587 005e 0197      		1: sbiw r24,1
 588 0060 01F4      		brne 1b
 589               	 ;  0 "" 2
 590               	/* #NOAPP */
 591               	.LBE100:
 592               	.LBE101:
 593               	.LBE102:
 594               	.LBE103:
 595               	.LBE104:
 596               	.LBE105:
 597               	.LSM106:
 598 0062 8091 0B01 		lds r24,267
 599               	.LVL18:
 600 0066 8E7F      		andi r24,lo8(-2)
 601 0068 8093 0B01 		sts 267,r24
 602               	.LBB106:
 603               	.LBB107:
 604               	.LBB108:
 605               	.LBB109:
 606               	.LBB110:
 607               	.LBB111:
 608               	.LSM107:
 609 006c C901      		movw r24,r18
 610               	.LVL19:
 611               	/* #APP */
 612               	 ;  105 "c:/winavr-20100110/lib/gcc/../../avr/include/util/delay_basic.h" 1
 613 006e 0197      		1: sbiw r24,1
 614 0070 01F4      		brne 1b
 615               	 ;  0 "" 2
 616               	/* #NOAPP */
 617 0072 00C0      		rjmp .L42
 618               	.LBE111:
 619               	.LBE110:
 620               	.LBE109:
 621               	.LBE108:
 622               	.LBE107:
 623               	.LBE106:
 624               	.LFE17:
 626               	.global	regSettings
 627               		.data
 630               	regSettings:
 631 0000 0B        		.byte	11
 632 0001 0C        		.byte	12
 633 0002 07        		.byte	7
 634 0003 D3        		.byte	-45
 635 0004 91        		.byte	-111
 636 0005 FF        		.byte	-1
 637 0006 12        		.byte	18
 638 0007 00        		.byte	0
 639 0008 00        		.byte	0
 640 0009 21        		.byte	33
 641 000a 65        		.byte	101
 642 000b 6A        		.byte	106
 643 000c 87        		.byte	-121
 644 000d F8        		.byte	-8
 645 000e 00        		.byte	0
 646 000f 22        		.byte	34
 647 0010 F8        		.byte	-8
 648 0011 50        		.byte	80
 649 0012 30        		.byte	48
 650 0013 18        		.byte	24
 651 0014 15        		.byte	21
 652 0015 E9        		.byte	-23
 653 0016 2A        		.byte	42
 654 0017 00        		.byte	0
 655 0018 1F        		.byte	31
 656 0019 59        		.byte	89
 657 001a 35        		.byte	53
 658 001b 09        		.byte	9
 659               	.global	paTable
 662               	paTable:
 663 001c 01        		.byte	1
 664 001d 0B        		.byte	11
 665 001e 25        		.byte	37
 666 001f 68        		.byte	104
 667 0020 60        		.byte	96
 668 0021 86        		.byte	-122
 669 0022 CC        		.byte	-52
 670 0023 C3        		.byte	-61
 783               	.Letext0:
DEFINED SYMBOLS
                            *ABS*:00000000 CC1150_Response.c
C:\Users\Andrew\AppData\Local\Temp/ccGfLOPX.s:2      *ABS*:0000003f __SREG__
C:\Users\Andrew\AppData\Local\Temp/ccGfLOPX.s:3      *ABS*:0000003e __SP_H__
C:\Users\Andrew\AppData\Local\Temp/ccGfLOPX.s:4      *ABS*:0000003d __SP_L__
C:\Users\Andrew\AppData\Local\Temp/ccGfLOPX.s:5      *ABS*:00000034 __CCP__
C:\Users\Andrew\AppData\Local\Temp/ccGfLOPX.s:6      *ABS*:00000000 __tmp_reg__
C:\Users\Andrew\AppData\Local\Temp/ccGfLOPX.s:7      *ABS*:00000001 __zero_reg__
C:\Users\Andrew\AppData\Local\Temp/ccGfLOPX.s:19     .text.setup_spi:00000000 setup_spi
C:\Users\Andrew\AppData\Local\Temp/ccGfLOPX.s:57     .text.enable_spi:00000000 enable_spi
C:\Users\Andrew\AppData\Local\Temp/ccGfLOPX.s:74     .text.disable_spi:00000000 disable_spi
C:\Users\Andrew\AppData\Local\Temp/ccGfLOPX.s:91     .text.send_spi:00000000 send_spi
C:\Users\Andrew\AppData\Local\Temp/ccGfLOPX.s:115    .text.select:00000000 select
C:\Users\Andrew\AppData\Local\Temp/ccGfLOPX.s:130    .text.deselect:00000000 deselect
C:\Users\Andrew\AppData\Local\Temp/ccGfLOPX.s:145    .text.send_command:00000000 send_command
C:\Users\Andrew\AppData\Local\Temp/ccGfLOPX.s:185    .text.send_command_sres:00000000 send_command_sres
C:\Users\Andrew\AppData\Local\Temp/ccGfLOPX.s:228    .text.set_register:00000000 set_register
C:\Users\Andrew\AppData\Local\Temp/ccGfLOPX.s:281    .text.set_register_burst:00000000 set_register_burst
C:\Users\Andrew\AppData\Local\Temp/ccGfLOPX.s:348    .text.write_settings:00000000 write_settings
C:\Users\Andrew\AppData\Local\Temp/ccGfLOPX.s:509    .text.main:00000000 main
C:\Users\Andrew\AppData\Local\Temp/ccGfLOPX.s:630    .data:00000000 regSettings
C:\Users\Andrew\AppData\Local\Temp/ccGfLOPX.s:662    .data:0000001c paTable

UNDEFINED SYMBOLS
__do_copy_data
